// Jest Snapshot v1, https://goo.gl/fbAQLP

exports[`should correctly import constants should have correct customHeaders 1`] = `
Object {
  "currentPath": "x-current-path",
}
`;
